---
source: src/elements.rs
expression: content
---
"<div class=\"flex flex-col p-2\"></div>"
