---
source: src/htmx.rs
expression: res
---
"<div hx-vals='{\"myVal\": \"My Value\"}'></div>"
